Copyright 1986-2022 Xilinx, Inc. All Rights Reserved.
------------------------------------------------------------------------------------------
| Tool Version : Vivado v.2022.2 (lin64) Build 3671981 Fri Oct 14 04:59:54 MDT 2022
| Date         : Mon Nov 27 19:26:40 2023
| Host         : wolverine.cs.ucr.edu running 64-bit CentOS Linux release 7.9.2009 (Core)
| Command      : report_utilization -file full_util_placed.rpt -pb full_util_placed.pb
| Design       : level0_wrapper
| Device       : xcu250-figd2104-2L-e
| Speed File   : -2L
| Design State : Fully Placed
------------------------------------------------------------------------------------------

Utilization Design Information

Table of Contents
-----------------
1. CLB Logic
1.1 Summary of Registers by Type
2. CLB Logic Distribution
3. BLOCKRAM
4. ARITHMETIC
5. I/O
6. CLOCK
7. ADVANCED
8. CONFIGURATION
9. Primitives
10. Black Boxes
11. Instantiated Netlists
12. SLR Connectivity
13. SLR Connectivity Matrix
14. SLR CLB Logic and Dedicated Block Utilization
15. SLR IO Utilization

1. CLB Logic
------------

+----------------------------+--------+-------+------------+-----------+-------+
|          Site Type         |  Used  | Fixed | Prohibited | Available | Util% |
+----------------------------+--------+-------+------------+-----------+-------+
| CLB LUTs                   |  85935 | 56815 |       1792 |   1726208 |  4.98 |
|   LUT as Logic             |  77339 | 53304 |       1792 |   1726208 |  4.48 |
|   LUT as Memory            |   8596 |  3511 |        848 |    790192 |  1.09 |
|     LUT as Distributed RAM |   3220 |   560 |            |           |       |
|     LUT as Shift Register  |   5376 |  2951 |            |           |       |
| CLB Registers              | 148240 | 99159 |          0 |   3456000 |  4.29 |
|   Register as Flip Flop    | 148239 | 99158 |          0 |   3456000 |  4.29 |
|   Register as Latch        |      0 |     0 |          0 |   3456000 |  0.00 |
|   Register as AND/OR       |      1 |     1 |          0 |   3456000 | <0.01 |
| CARRY8                     |    715 |   367 |        224 |    215776 |  0.33 |
| F7 Muxes                   |   1269 |   705 |        896 |    863104 |  0.15 |
| F8 Muxes                   |    266 |   261 |        448 |    431552 |  0.06 |
| F9 Muxes                   |      0 |     0 |        224 |    215776 |  0.00 |
+----------------------------+--------+-------+------------+-----------+-------+
* Warning! LUT value is adjusted to account for LUT combining.


1.1 Summary of Registers by Type
--------------------------------

+--------+--------------+-------------+--------------+
|  Total | Clock Enable | Synchronous | Asynchronous |
+--------+--------------+-------------+--------------+
| 1      |            _ |           - |            - |
| 0      |            _ |           - |          Set |
| 0      |            _ |           - |        Reset |
| 0      |            _ |         Set |            - |
| 0      |            _ |       Reset |            - |
| 0      |          Yes |           - |            - |
| 776    |          Yes |           - |          Set |
| 2030   |          Yes |           - |        Reset |
| 2480   |          Yes |         Set |            - |
| 142953 |          Yes |       Reset |            - |
+--------+--------------+-------------+--------------+


2. CLB Logic Distribution
-------------------------

+--------------------------------------------+--------+-------+------------+-----------+-------+
|                  Site Type                 |  Used  | Fixed | Prohibited | Available | Util% |
+--------------------------------------------+--------+-------+------------+-----------+-------+
| CLB                                        |  25601 |     0 |        224 |    215776 | 11.86 |
|   CLBL                                     |  13082 |     0 |            |           |       |
|   CLBM                                     |  12519 |     0 |            |           |       |
| LUT as Logic                               |  77339 | 53304 |       1792 |   1726208 |  4.48 |
|   using O5 output only                     |   2427 |       |            |           |       |
|   using O6 output only                     |  51223 |       |            |           |       |
|   using O5 and O6                          |  23689 |       |            |           |       |
| LUT as Memory                              |   8596 |  3511 |        848 |    790192 |  1.09 |
|   LUT as Distributed RAM                   |   3220 |   560 |            |           |       |
|     using O5 output only                   |      0 |       |            |           |       |
|     using O6 output only                   |     92 |       |            |           |       |
|     using O5 and O6                        |   3128 |       |            |           |       |
|   LUT as Shift Register                    |   5376 |  2951 |            |           |       |
|     using O5 output only                   |      0 |       |            |           |       |
|     using O6 output only                   |   4497 |       |            |           |       |
|     using O5 and O6                        |    879 |       |            |           |       |
| CLB Registers                              | 148240 |     0 |          0 |   3456000 |  4.29 |
|   Register driven from within the CLB      |  66819 |       |            |           |       |
|   Register driven from outside the CLB     |  81421 |       |            |           |       |
|     LUT in front of the register is unused |  56028 |       |            |           |       |
|     LUT in front of the register is used   |  25393 |       |            |           |       |
| Unique Control Sets                        |   4213 |       |        448 |    431552 |  0.98 |
+--------------------------------------------+--------+-------+------------+-----------+-------+
* * Note: Available Control Sets calculated as Slices * 2, Review the Control Sets Report for more information regarding control sets.


3. BLOCKRAM
-----------

+-------------------+-------+-------+------------+-----------+-------+
|     Site Type     |  Used | Fixed | Prohibited | Available | Util% |
+-------------------+-------+-------+------------+-----------+-------+
| Block RAM Tile    | 143.5 |     0 |          0 |      2688 |  5.34 |
|   RAMB36/FIFO*    |   140 |   102 |          0 |      2688 |  5.21 |
|     RAMB36E2 only |   140 |       |            |           |       |
|   RAMB18          |     7 |     4 |          0 |      5376 |  0.13 |
|     RAMB18E2 only |     7 |       |            |           |       |
| URAM              |     0 |     0 |          0 |      1280 |  0.00 |
+-------------------+-------+-------+------------+-----------+-------+
* Note: Each Block RAM Tile only has one FIFO logic available and therefore can accommodate only one FIFO36E2 or one FIFO18E2. However, if a FIFO18E2 occupies a Block RAM Tile, that tile can still accommodate a RAMB18E2


4. ARITHMETIC
-------------

+----------------+------+-------+------------+-----------+-------+
|    Site Type   | Used | Fixed | Prohibited | Available | Util% |
+----------------+------+-------+------------+-----------+-------+
| DSPs           |   15 |     4 |          0 |     12288 |  0.12 |
|   DSP48E2 only |   15 |       |            |           |       |
+----------------+------+-------+------------+-----------+-------+


5. I/O
------

+------------------+------+-------+------------+-----------+-------+
|     Site Type    | Used | Fixed | Prohibited | Available | Util% |
+------------------+------+-------+------------+-----------+-------+
| Bonded IOB       |   20 |    20 |          0 |       676 |  2.96 |
| HPIOB_M          |   10 |    10 |          0 |       312 |  3.21 |
|   INPUT          |    6 |       |            |           |       |
|   OUTPUT         |    4 |       |            |           |       |
|   BIDIR          |    0 |       |            |           |       |
| HPIOB_S          |    9 |     9 |          0 |       312 |  2.88 |
|   INPUT          |    5 |       |            |           |       |
|   OUTPUT         |    4 |       |            |           |       |
|   BIDIR          |    0 |       |            |           |       |
| HPIOB_SNGL       |    1 |     1 |          0 |        52 |  1.92 |
|   INPUT          |    1 |       |            |           |       |
|   OUTPUT         |    0 |       |            |           |       |
|   BIDIR          |    0 |       |            |           |       |
| HPIOBDIFFINBUF   |    1 |     1 |          0 |       384 |  0.26 |
|   DIFFINBUF      |    1 |     1 |            |           |       |
| HPIOBDIFFOUTBUF  |    0 |     0 |          0 |       384 |  0.00 |
| BITSLICE_CONTROL |    0 |     0 |          0 |       128 |  0.00 |
| BITSLICE_RX_TX   |    0 |     0 |          0 |      4992 |  0.00 |
| BITSLICE_TX      |    0 |     0 |          0 |       128 |  0.00 |
| RIU_OR           |    0 |     0 |          0 |        64 |  0.00 |
+------------------+------+-------+------------+-----------+-------+


6. CLOCK
--------

+----------------------+------+-------+------------+-----------+-------+
|       Site Type      | Used | Fixed | Prohibited | Available | Util% |
+----------------------+------+-------+------------+-----------+-------+
| GLOBAL CLOCK BUFFERs |   42 |    33 |          0 |      1344 |  3.13 |
|   BUFGCE             |   17 |     8 |          0 |       384 |  4.43 |
|   BUFGCE_DIV         |    1 |     1 |          0 |        64 |  1.56 |
|   BUFG_GT            |   22 |    22 |          0 |       768 |  2.86 |
|   BUFGCTRL*          |    1 |     1 |          0 |       128 |  0.78 |
| PLL                  |    1 |     1 |          0 |        32 |  3.13 |
| MMCM                 |    3 |     1 |          0 |        16 | 18.75 |
+----------------------+------+-------+------------+-----------+-------+
* Note: Each used BUFGCTRL counts as two GLOBAL CLOCK BUFFERs. This table does not include global clocking resources, only buffer cell usage. See the Clock Utilization Report (report_clock_utilization) for detailed accounting of global clocking resource availability.


7. ADVANCED
-----------

+-----------------+------+-------+------------+-----------+-------+
|    Site Type    | Used | Fixed | Prohibited | Available | Util% |
+-----------------+------+-------+------------+-----------+-------+
| CMACE4          |    0 |     0 |          0 |        12 |  0.00 |
| GTYE4_CHANNEL   |   16 |    16 |          0 |        24 | 66.67 |
| GTYE4_COMMON    |    4 |     4 |          0 |         6 | 66.67 |
| ILKNE4          |    0 |     0 |          0 |         8 |  0.00 |
| OBUFDS_GTE4     |    0 |     0 |          0 |        12 |  0.00 |
| OBUFDS_GTE4_ADV |    0 |     0 |          0 |        12 |  0.00 |
| PCIE40E4        |    1 |     1 |          0 |         4 | 25.00 |
| SYSMONE4        |    0 |     0 |          0 |         4 |  0.00 |
+-----------------+------+-------+------------+-----------+-------+


8. CONFIGURATION
----------------

+-------------+------+-------+------------+-----------+-------+
|  Site Type  | Used | Fixed | Prohibited | Available | Util% |
+-------------+------+-------+------------+-----------+-------+
| BSCANE2     |    1 |     1 |          0 |        16 |  6.25 |
| DNA_PORTE2  |    0 |     0 |          0 |         4 |  0.00 |
| EFUSE_USR   |    0 |     0 |          0 |         4 |  0.00 |
| FRAME_ECCE4 |    0 |     0 |          0 |         4 |  0.00 |
| ICAPE3      |    1 |     1 |          0 |         8 | 12.50 |
| MASTER_JTAG |    0 |     0 |          0 |         4 |  0.00 |
| STARTUPE3   |    1 |     1 |          0 |         4 | 25.00 |
+-------------+------+-------+------------+-----------+-------+


9. Primitives
-------------

+---------------+--------+---------------------+
|    Ref Name   |  Used  | Functional Category |
+---------------+--------+---------------------+
| FDRE          | 143194 |            Register |
| LUT3          |  38755 |                 CLB |
| LUT6          |  15845 |                 CLB |
| LUT5          |  15217 |                 CLB |
| LUT4          |  11587 |                 CLB |
| LUT2          |  11191 |                 CLB |
| LUT1          |   8433 |                 CLB |
| RAMD32        |   5514 |                 CLB |
| SRL16E        |   4639 |                 CLB |
| FDSE          |   2480 |            Register |
| FDCE          |   2032 |            Register |
| SRLC32E       |   1609 |                 CLB |
| MUXF7         |   1269 |                 CLB |
| FDPE          |    776 |            Register |
| RAMS32        |    754 |                 CLB |
| CARRY8        |    715 |                 CLB |
| MUXF8         |    266 |                 CLB |
| RAMB36E2      |    140 |            BLOCKRAM |
| RAMD64E       |     80 |                 CLB |
| BUFG_GT       |     22 |               Clock |
| BUFG_GT_SYNC  |     17 |               Clock |
| BUFGCE        |     17 |               Clock |
| GTYE4_CHANNEL |     16 |            Advanced |
| DSP48E2       |     15 |          Arithmetic |
| IBUFCTRL      |     11 |              Others |
| INBUF         |     10 |                 I/O |
| OBUF          |      8 |                 I/O |
| SRLC16E       |      7 |                 CLB |
| RAMB18E2      |      7 |            BLOCKRAM |
| GTYE4_COMMON  |      4 |            Advanced |
| MMCME4_ADV    |      3 |               Clock |
| STARTUPE3     |      1 |       Configuration |
| PLLE4_ADV     |      1 |               Clock |
| PCIE40E4      |      1 |            Advanced |
| ICAPE3        |      1 |       Configuration |
| IBUFDS_GTE4   |      1 |                 I/O |
| DIFFINBUF     |      1 |                 I/O |
| BUFGCTRL      |      1 |               Clock |
| BUFGCE_DIV    |      1 |               Clock |
| BSCANE2       |      1 |       Configuration |
| AND2B1L       |      1 |              Others |
+---------------+--------+---------------------+


10. Black Boxes
---------------

+----------+------+
| Ref Name | Used |
+----------+------+


11. Instantiated Netlists
-------------------------

+--------------------------------------------+------+
|                  Ref Name                  | Used |
+--------------------------------------------+------+
| xsdbm                                      |    1 |
| ulp_xbar_4                                 |    1 |
| ulp_xbar_3                                 |    1 |
| ulp_xbar_2                                 |    1 |
| ulp_topKQueryScores_1_0                    |    1 |
| ulp_ss_ucs_0                               |    1 |
| ulp_shell_cmp_subsystem_0_0                |    1 |
| ulp_s00_regslice_45                        |    1 |
| ulp_s00_regslice_43                        |    1 |
| ulp_s00_regslice_42                        |    1 |
| ulp_s00_regslice_41                        |    1 |
| ulp_s00_regslice_40                        |    1 |
| ulp_s00_regslice_39                        |    1 |
| ulp_s00_regslice_38                        |    1 |
| ulp_memory_subsystem_0                     |    1 |
| ulp_m03_regslice_0                         |    1 |
| ulp_m02_regslice_0                         |    1 |
| ulp_m01_regslice_3                         |    1 |
| ulp_m01_regslice_2                         |    1 |
| ulp_m00_regslice_3                         |    1 |
| ulp_m00_regslice_2                         |    1 |
| ulp_ip_rs_axi_data_h2c_03_0                |    1 |
| ulp_ip_rs_axi_data_c2h_00_0                |    1 |
| ulp_ip_rs_axi_ctrl_user_03_0               |    1 |
| ulp_ip_psr_aresetn_pcie_slr2_0             |    1 |
| ulp_ip_psr_aresetn_kernel_00_slr1_0        |    1 |
| ulp_ip_gpio_debug_axi_data_h2c_01_0        |    1 |
| ulp_ip_gpio_debug_axi_ctrl_user_03_0       |    1 |
| ulp_ip_gpio_debug_axi_ctrl_user_02_0       |    1 |
| ulp_ip_gpio_debug_axi_ctrl_user_01_0       |    1 |
| ulp_ip_gpio_debug_axi_ctrl_user_00_0       |    1 |
| ulp_ip_gpio_debug_axi_ctrl_mgmt_01_0       |    1 |
| ulp_ip_gpio_debug_axi_ctrl_mgmt_00_0       |    1 |
| ulp_ip_cc_axi_data_h2c_03_0                |    1 |
| ulp_ip_cc_axi_data_h2c_02_0                |    1 |
| ulp_ip_cc_axi_data_h2c_01_0                |    1 |
| ulp_ip_cc_axi_data_h2c_00_0                |    1 |
| ulp_ii_level1_wire_0                       |    1 |
| ulp_auto_pc_0                              |    1 |
| ulp_auto_ds_0                              |    1 |
| ulp_auto_cc_0                              |    1 |
| ulp                                        |    1 |
| level1_wrapper                             |    1 |
| level0_ii_level0_pipe_0                    |    1 |
| blp_wrapper                                |    1 |
| bd_b35e_vip_S04_AXI_0                      |    1 |
| bd_b35e_vip_S01_AXI_0                      |    1 |
| bd_b35e_vip_M00_AXI_0                      |    1 |
| bd_b35e_rs_M00_AXI_0                       |    1 |
| bd_b35e_psr_ctrl_interconnect_0            |    1 |
| bd_b35e_psr_aclk3_SLR1_0                   |    1 |
| bd_b35e_interconnect_ddrmem_ctrl_0         |    1 |
| bd_b35e_interconnect_M00_AXI_MEM00_0       |    1 |
| bd_7b93_xsdbm_0                            |    1 |
| bd_7b93_lut_buffer_0                       |    1 |
| bd_53f9_bsip_0                             |    1 |
| bd_53f9_bs_switch_1_0                      |    1 |
| bd_53f9_axi_jtag_0                         |    1 |
| bd_3f43_user_debug_hub_0                   |    1 |
| bd_3f43_user_debug_bridge_0                |    1 |
| bd_3f43_build_info_0                       |    1 |
| bd_1361_xbar_1                             |    1 |
| bd_1361_xbar_0                             |    1 |
| bd_1361_psreset_kernel_01_0                |    1 |
| bd_1361_psreset_kernel_00_0                |    1 |
| bd_1361_psreset_aclk_freerun_0             |    1 |
| bd_1361_gpio_ucs_control_status_0          |    1 |
| bd_1361_gpio_gapping_demand_0              |    1 |
| bd_1361_gapping_demand_update_0            |    1 |
| bd_1361_gapping_demand_toggle_0            |    1 |
| bd_1361_frequency_counter_aclk_kernel_01_0 |    1 |
| bd_1361_frequency_counter_aclk_kernel_00_0 |    1 |
| bd_1361_frequency_counter_aclk_0           |    1 |
| bd_1361_fanout_aresetn_pcie_slr3_6_0       |    1 |
| bd_1361_fanout_aresetn_pcie_slr3_5_0       |    1 |
| bd_1361_fanout_aresetn_pcie_slr3_4_0       |    1 |
| bd_1361_fanout_aresetn_pcie_slr3_3_0       |    1 |
| bd_1361_fanout_aresetn_pcie_slr3_2_0       |    1 |
| bd_1361_fanout_aresetn_pcie_slr3_1_0       |    1 |
| bd_1361_fanout_aresetn_pcie_slr2_4_0       |    1 |
| bd_1361_fanout_aresetn_pcie_slr2_3_0       |    1 |
| bd_1361_fanout_aresetn_pcie_slr2_2_0       |    1 |
| bd_1361_fanout_aresetn_pcie_slr2_1_0       |    1 |
| bd_1361_fanout_aresetn_pcie_slr1_4_0       |    1 |
| bd_1361_fanout_aresetn_pcie_slr1_3_0       |    1 |
| bd_1361_fanout_aresetn_pcie_slr1_2_0       |    1 |
| bd_1361_fanout_aresetn_pcie_slr1_1_0       |    1 |
| bd_1361_fanout_aresetn_pcie_slr0_4_0       |    1 |
| bd_1361_fanout_aresetn_pcie_slr0_3_0       |    1 |
| bd_1361_fanout_aresetn_pcie_slr0_2_0       |    1 |
| bd_1361_fanout_aresetn_pcie_slr0_1_0       |    1 |
| bd_1361_fanout_aresetn_kernel_01_slr3_6_0  |    1 |
| bd_1361_fanout_aresetn_kernel_01_slr3_5_0  |    1 |
| bd_1361_fanout_aresetn_kernel_01_slr3_4_0  |    1 |
| bd_1361_fanout_aresetn_kernel_01_slr3_3_0  |    1 |
| bd_1361_fanout_aresetn_kernel_01_slr3_2_0  |    1 |
| bd_1361_fanout_aresetn_kernel_01_slr3_1_0  |    1 |
| bd_1361_fanout_aresetn_kernel_01_slr2_4_0  |    1 |
| bd_1361_fanout_aresetn_kernel_01_slr2_3_0  |    1 |
| bd_1361_fanout_aresetn_kernel_01_slr2_2_0  |    1 |
| bd_1361_fanout_aresetn_kernel_01_slr2_1_0  |    1 |
| bd_1361_fanout_aresetn_kernel_01_slr1_4_0  |    1 |
| bd_1361_fanout_aresetn_kernel_01_slr1_3_0  |    1 |
| bd_1361_fanout_aresetn_kernel_01_slr1_2_0  |    1 |
| bd_1361_fanout_aresetn_kernel_01_slr1_1_0  |    1 |
| bd_1361_fanout_aresetn_kernel_01_slr0_4_0  |    1 |
| bd_1361_fanout_aresetn_kernel_01_slr0_3_0  |    1 |
| bd_1361_fanout_aresetn_kernel_01_slr0_2_0  |    1 |
| bd_1361_fanout_aresetn_kernel_01_slr0_1_0  |    1 |
| bd_1361_fanout_aresetn_kernel_00_slr3_6_0  |    1 |
| bd_1361_fanout_aresetn_kernel_00_slr3_5_0  |    1 |
| bd_1361_fanout_aresetn_kernel_00_slr3_4_0  |    1 |
| bd_1361_fanout_aresetn_kernel_00_slr3_3_0  |    1 |
| bd_1361_fanout_aresetn_kernel_00_slr3_2_0  |    1 |
| bd_1361_fanout_aresetn_kernel_00_slr3_1_0  |    1 |
| bd_1361_fanout_aresetn_kernel_00_slr2_4_0  |    1 |
| bd_1361_fanout_aresetn_kernel_00_slr2_3_0  |    1 |
| bd_1361_fanout_aresetn_kernel_00_slr2_2_0  |    1 |
| bd_1361_fanout_aresetn_kernel_00_slr2_1_0  |    1 |
| bd_1361_fanout_aresetn_kernel_00_slr1_4_0  |    1 |
| bd_1361_fanout_aresetn_kernel_00_slr1_3_0  |    1 |
| bd_1361_fanout_aresetn_kernel_00_slr1_2_0  |    1 |
| bd_1361_fanout_aresetn_kernel_00_slr1_1_0  |    1 |
| bd_1361_fanout_aresetn_kernel_00_slr0_4_0  |    1 |
| bd_1361_fanout_aresetn_kernel_00_slr0_3_0  |    1 |
| bd_1361_fanout_aresetn_kernel_00_slr0_2_0  |    1 |
| bd_1361_fanout_aresetn_kernel_00_slr0_1_0  |    1 |
| bd_1361_fanout_aresetn_ctrl_slr3_6_0       |    1 |
| bd_1361_fanout_aresetn_ctrl_slr3_5_0       |    1 |
| bd_1361_fanout_aresetn_ctrl_slr3_4_0       |    1 |
| bd_1361_fanout_aresetn_ctrl_slr3_3_0       |    1 |
| bd_1361_fanout_aresetn_ctrl_slr3_2_0       |    1 |
| bd_1361_fanout_aresetn_ctrl_slr3_1_0       |    1 |
| bd_1361_fanout_aresetn_ctrl_slr2_4_0       |    1 |
| bd_1361_fanout_aresetn_ctrl_slr2_3_0       |    1 |
| bd_1361_fanout_aresetn_ctrl_slr2_2_0       |    1 |
| bd_1361_fanout_aresetn_ctrl_slr2_1_0       |    1 |
| bd_1361_fanout_aresetn_ctrl_slr1_4_0       |    1 |
| bd_1361_fanout_aresetn_ctrl_slr1_3_0       |    1 |
| bd_1361_fanout_aresetn_ctrl_slr1_2_0       |    1 |
| bd_1361_fanout_aresetn_ctrl_slr1_1_0       |    1 |
| bd_1361_fanout_aresetn_ctrl_slr0_4_0       |    1 |
| bd_1361_fanout_aresetn_ctrl_slr0_3_0       |    1 |
| bd_1361_fanout_aresetn_ctrl_slr0_2_0       |    1 |
| bd_1361_fanout_aresetn_ctrl_slr0_1_0       |    1 |
| bd_1361_clock_throttling_avg_0             |    1 |
| bd_1361_clock_throttling_aclk_kernel_01_0  |    1 |
| bd_1361_clock_throttling_aclk_kernel_00_0  |    1 |
| bd_1361_clock_shutdown_latch_0             |    1 |
| bd_1361_clkwiz_aclk_kernel_01_0            |    1 |
| bd_1361_clkwiz_aclk_kernel_00_0            |    1 |
| bd_1361_build_info_0                       |    1 |
| bd_1361_auto_cc_0                          |    1 |
| bd_1361_aclk_kernel_01_cont_adapt_0        |    1 |
| bd_1361_aclk_kernel_01_adapt_0             |    1 |
| bd_1361_aclk_kernel_00_cont_adapt_0        |    1 |
| bd_1361_aclk_kernel_00_adapt_0             |    1 |
+--------------------------------------------+------+


12. SLR Connectivity
--------------------

+----------------------------------+------+-------+-----------+-------+
|                                  | Used | Fixed | Available | Util% |
+----------------------------------+------+-------+-----------+-------+
| SLR3 <-> SLR2                    |  621 |       |     23040 |  2.70 |
|   SLR2 -> SLR3                   |   54 |       |           |  0.23 |
|     Using TX_REG only            |    1 |     0 |           |       |
|     Using RX_REG only            |    1 |     0 |           |       |
|     Using Both TX_REG and RX_REG |    0 |     0 |           |       |
|   SLR3 -> SLR2                   |  567 |       |           |  2.46 |
|     Using TX_REG only            |    0 |     0 |           |       |
|     Using RX_REG only            |  240 |     0 |           |       |
|     Using Both TX_REG and RX_REG |    1 |     0 |           |       |
| SLR2 <-> SLR1                    | 4339 |       |     23040 | 18.83 |
|   SLR1 -> SLR2                   | 2358 |       |           | 10.23 |
|     Using TX_REG only            |    0 |     0 |           |       |
|     Using RX_REG only            |    0 |     0 |           |       |
|     Using Both TX_REG and RX_REG |    0 |     0 |           |       |
|   SLR2 -> SLR1                   | 1981 |       |           |  8.60 |
|     Using TX_REG only            |    0 |     0 |           |       |
|     Using RX_REG only            |    0 |     0 |           |       |
|     Using Both TX_REG and RX_REG |    0 |     0 |           |       |
| SLR1 <-> SLR0                    | 1721 |       |     23040 |  7.47 |
|   SLR0 -> SLR1                   |  733 |       |           |  3.18 |
|     Using TX_REG only            |    0 |     0 |           |       |
|     Using RX_REG only            |    0 |     0 |           |       |
|     Using Both TX_REG and RX_REG |    0 |     0 |           |       |
|   SLR1 -> SLR0                   |  988 |       |           |  4.29 |
|     Using TX_REG only            |    0 |     0 |           |       |
|     Using RX_REG only            |    0 |     0 |           |       |
|     Using Both TX_REG and RX_REG |    0 |     0 |           |       |
+----------------------------------+------+-------+-----------+-------+
| Total SLLs Used                  | 6681 |       |           |       |
+----------------------------------+------+-------+-----------+-------+


13. SLR Connectivity Matrix
---------------------------

+-----------+------+------+------+------+
| FROM \ TO | SLR3 | SLR2 | SLR1 | SLR0 |
+-----------+------+------+------+------+
| SLR3      |    0 |  567 |    0 |    0 |
| SLR2      |   54 |    0 | 1917 |   64 |
| SLR1      |    0 | 2318 |    0 |  924 |
| SLR0      |    0 |   40 |  693 |    0 |
+-----------+------+------+------+------+


14. SLR CLB Logic and Dedicated Block Utilization
-------------------------------------------------

+----------------------------+------+--------+-------+------+--------+--------+--------+--------+
|          Site Type         | SLR0 |  SLR1  |  SLR2 | SLR3 | SLR0 % | SLR1 % | SLR2 % | SLR3 % |
+----------------------------+------+--------+-------+------+--------+--------+--------+--------+
| CLB                        | 1910 |  19593 |  3749 |  349 |   3.54 |  36.28 |   6.94 |   0.65 |
|   CLBL                     |  979 |  10059 |  1870 |  174 |   3.34 |  34.35 |   6.39 |   0.59 |
|   CLBM                     |  931 |   9534 |  1879 |  175 |   3.77 |  38.57 |   7.60 |   0.71 |
| CLB LUTs                   | 4910 |  73575 |  6811 |  639 |   1.14 |  17.03 |   1.58 |   0.15 |
|   LUT as Logic             | 4606 |  66499 |  5897 |  337 |   1.07 |  15.39 |   1.37 |   0.08 |
|     using O5 output only   |  122 |   2126 |   127 |   52 |   0.03 |   0.49 |   0.03 |   0.01 |
|     using O6 output only   | 3286 |  44160 |  3561 |  216 |   0.76 |  10.22 |   0.82 |   0.05 |
|     using O5 and O6        | 1198 |  20213 |  2209 |   69 |   0.28 |   4.68 |   0.51 |   0.02 |
|   LUT as Memory            |  304 |   7076 |   914 |  302 |   0.15 |   3.58 |   0.46 |   0.15 |
|     LUT as Distributed RAM |  302 |   2314 |   302 |  302 |   0.15 |   1.17 |   0.15 |   0.15 |
|       using O5 output only |    0 |      0 |     0 |    0 |   0.00 |   0.00 |   0.00 |   0.00 |
|       using O6 output only |    2 |     86 |     2 |    2 |  <0.01 |   0.04 |  <0.01 |  <0.01 |
|       using O5 and O6      |  300 |   2228 |   300 |  300 |   0.15 |   1.13 |   0.15 |   0.15 |
|     LUT as Shift Register  |    2 |   4762 |   612 |    0 |  <0.01 |   2.41 |   0.31 |   0.00 |
| CLB Registers              | 9018 | 122346 | 14229 | 2647 |   1.04 |  14.16 |   1.65 |   0.31 |
| CARRY8                     |   35 |    676 |     4 |    0 |   0.06 |   1.25 |  <0.01 |   0.00 |
| F7 Muxes                   |  304 |    965 |     0 |    0 |   0.14 |   0.45 |   0.00 |   0.00 |
| F8 Muxes                   |    4 |    262 |     0 |    0 |  <0.01 |   0.24 |   0.00 |   0.00 |
| F9 Muxes                   |    0 |      0 |     0 |    0 |   0.00 |   0.00 |   0.00 |   0.00 |
| Block RAM Tile             |    0 |  143.5 |     0 |    0 |   0.00 |  21.35 |   0.00 |   0.00 |
|   RAMB36/FIFO              |    0 |    140 |     0 |    0 |   0.00 |  20.83 |   0.00 |   0.00 |
|   RAMB18                   |    0 |      7 |     0 |    0 |   0.00 |   0.52 |   0.00 |   0.00 |
| URAM                       |    0 |      0 |     0 |    0 |   0.00 |   0.00 |   0.00 |   0.00 |
| DSPs                       |    0 |     15 |     0 |    0 |   0.00 |   0.49 |   0.00 |   0.00 |
| Unique Control Sets        |  270 |   3614 |   293 |   60 |   0.25 |   3.35 |   0.27 |   0.06 |
+----------------------------+------+--------+-------+------+--------+--------+--------+--------+
* Note: Available Control Sets based on CLB Registers / 8


15. SLR IO Utilization
----------------------

+-----------+-----------+---------+------------+----------+------------+----------+-----+
| SLR Index | Used IOBs | (%)IOBs | Used IPADs | (%)IPADs | Used OPADs | (%)OPADs | GTs |
+-----------+-----------+---------+------------+----------+------------+----------+-----+
| SLR3      |         0 |    0.00 |          0 |     0.00 |          0 |     0.00 |   0 |
| SLR2      |         0 |    0.00 |          0 |     0.00 |          0 |     0.00 |   0 |
| SLR1      |        20 |    9.62 |          0 |     0.00 |          0 |     0.00 |  16 |
| SLR0      |         0 |    0.00 |          0 |     0.00 |          0 |     0.00 |   0 |
+-----------+-----------+---------+------------+----------+------------+----------+-----+
| Total     |        20 |         |          0 |          |          0 |          |  16 |
+-----------+-----------+---------+------------+----------+------------+----------+-----+


