Copyright 1986-2022 Xilinx, Inc. All Rights Reserved.
--------------------------------------------------------------------------------------------------------------------------------------------------------------------------------------------------------------
| Tool Version : Vivado v.2022.2 (lin64) Build 3671981 Fri Oct 14 04:59:54 MDT 2022
| Date         : Mon Nov 27 19:59:33 2023
| Host         : wolverine.cs.ucr.edu running 64-bit CentOS Linux release 7.9.2009 (Core)
| Command      : report_accelerator_utilization -kernels { topKQueryScores:level0_i/level1/level1_i/ulp/topKQueryScores_1/inst:topKQueryScores_1} -file kernel_util_routed.rpt -name kernel_util_routed -json
| Design       : level0_wrapper
| Device       : xcu250
| Design State : Routed
--------------------------------------------------------------------------------------------------------------------------------------------------------------------------------------------------------------

Accelerator Utilization Design Information

Table of Contents
-----------------
1. System Utilization

1. System Utilization
---------------------

+----------------------+-------------------+------------------+-------------------+----------------+----------------+-----------------+
| Name                 | LUT               | LUTAsMem         | REG               | BRAM           | URAM           | DSP             |
+----------------------+-------------------+------------------+-------------------+----------------+----------------+-----------------+
| Platform             |   81560 [  4.72%] |   8072 [  1.02%] |  142389 [  4.12%] |  141 [  5.25%] |    0 [  0.00%] |     4 [  0.03%] |
| User Budget          | 1644648 [100.00%] | 782120 [100.00%] | 3313611 [100.00%] | 2547 [100.00%] | 1280 [100.00%] | 12284 [100.00%] |
|    Used Resources    |    4376 [  0.27%] |    524 [  0.07%] |    5851 [  0.18%] |    2 [  0.08%] |    0 [  0.00%] |    11 [  0.09%] |
|    Unused Resources  | 1640272 [ 99.73%] | 781596 [ 99.93%] | 3307760 [ 99.82%] | 2545 [ 99.92%] | 1280 [100.00%] | 12273 [ 99.91%] |
| topKQueryScores      |    4376 [  0.27%] |    524 [  0.07%] |    5851 [  0.18%] |    2 [  0.08%] |    0 [  0.00%] |    11 [  0.09%] |
|    topKQueryScores_1 |    4376 [  0.27%] |    524 [  0.07%] |    5851 [  0.18%] |    2 [  0.08%] |    0 [  0.00%] |    11 [  0.09%] |
+----------------------+-------------------+------------------+-------------------+----------------+----------------+-----------------+


