

================================================================
== Vitis HLS Report for 'topKQueryScores_Pipeline_VITIS_LOOP_16_1'
================================================================
* Date:           Mon Nov 27 17:34:24 2023

* Version:        2022.2 (Build 3670227 on Oct 13 2022)
* Project:        topKQueryScores
* Solution:       solution (Vitis Kernel Flow Target)
* Product family: virtexuplus
* Target device:  xcu250-figd2104-2L-e


================================================================
== Performance Estimates
================================================================
+ Timing: 
    * Summary: 
    +--------+---------+----------+------------+
    |  Clock |  Target | Estimated| Uncertainty|
    +--------+---------+----------+------------+
    |ap_clk  |  3.33 ns|  2.433 ns|     0.90 ns|
    +--------+---------+----------+------------+

+ Latency: 
    * Summary: 
    +---------+---------+----------+----------+-----+-----+---------+
    |  Latency (cycles) |  Latency (absolute) |  Interval | Pipeline|
    |   min   |   max   |    min   |    max   | min | max |   Type  |
    +---------+---------+----------+----------+-----+-----+---------+
    |      818|      818|  2.726 us|  2.726 us|  818|  818|       no|
    +---------+---------+----------+----------+-----+-----+---------+

    + Detail: 
        * Instance: 
        N/A

        * Loop: 
        +-------------------+---------+---------+----------+-----------+-----------+------+----------+
        |                   |  Latency (cycles) | Iteration|  Initiation Interval  | Trip |          |
        |     Loop Name     |   min   |   max   |  Latency |  achieved |   target  | Count| Pipelined|
        +-------------------+---------+---------+----------+-----------+-----------+------+----------+
        |- VITIS_LOOP_16_1  |      816|      816|       106|          3|          1|   238|       yes|
        +-------------------+---------+---------+----------+-----------+-----------+------+----------+



================================================================
== Utilization Estimates
================================================================
* Summary: 
+---------------------+---------+-------+---------+---------+------+
|         Name        | BRAM_18K|  DSP  |    FF   |   LUT   | URAM |
+---------------------+---------+-------+---------+---------+------+
|DSP                  |        -|      -|        -|        -|     -|
|Expression           |        -|      -|        0|     1329|     -|
|FIFO                 |        -|      -|        -|        -|     -|
|Instance             |        -|     11|     1073|      762|     -|
|Memory               |        -|      -|        -|        -|     -|
|Multiplexer          |        -|      -|        -|      498|     -|
|Register             |        -|      -|     1203|      128|     -|
+---------------------+---------+-------+---------+---------+------+
|Total                |        0|     11|     2276|     2717|     0|
+---------------------+---------+-------+---------+---------+------+
|Available SLR        |     1344|   3072|   864000|   432000|   320|
+---------------------+---------+-------+---------+---------+------+
|Utilization SLR (%)  |        0|     ~0|       ~0|       ~0|     0|
+---------------------+---------+-------+---------+---------+------+
|Available            |     5376|  12288|  3456000|  1728000|  1280|
+---------------------+---------+-------+---------+---------+------+
|Utilization (%)      |        0|     ~0|       ~0|       ~0|     0|
+---------------------+---------+-------+---------+---------+------+

+ Detail: 
    * Instance: 
    +-----------------------------------+--------------------------------+---------+----+-----+-----+-----+
    |              Instance             |             Module             | BRAM_18K| DSP|  FF | LUT | URAM|
    +-----------------------------------+--------------------------------+---------+----+-----+-----+-----+
    |dadd_64ns_64ns_64_8_full_dsp_1_U1  |dadd_64ns_64ns_64_8_full_dsp_1  |        0|   3|  685|  635|    0|
    |dmul_64ns_64ns_64_8_max_dsp_1_U2   |dmul_64ns_64ns_64_8_max_dsp_1   |        0|   8|  388|  127|    0|
    +-----------------------------------+--------------------------------+---------+----+-----+-----+-----+
    |Total                              |                                |        0|  11| 1073|  762|    0|
    +-----------------------------------+--------------------------------+---------+----+-----+-----+-----+

    * DSP: 
    N/A

    * Memory: 
    N/A

    * FIFO: 
    N/A

    * Expression: 
    +---------------------------+----------+----+---+-----+------------+------------+
    |       Variable Name       | Operation| DSP| FF| LUT | Bitwidth P0| Bitwidth P1|
    +---------------------------+----------+----+---+-----+------------+------------+
    |add_ln16_fu_276_p2         |         +|   0|  0|   15|           8|           1|
    |add_ln19_1_fu_246_p2       |         +|   0|  0|   71|          64|          11|
    |add_ln19_2_fu_261_p2       |         +|   0|  0|   71|          64|          12|
    |add_ln19_fu_220_p2         |         +|   0|  0|   71|          64|          64|
    |add_ln515_fu_361_p2        |         +|   0|  0|   19|          12|          11|
    |result_V_2_fu_447_p2       |         -|   0|  0|   39|           1|          32|
    |sub_ln1512_fu_375_p2       |         -|   0|  0|   18|          10|          11|
    |ap_block_state2_io         |       and|   0|  0|    2|           1|           1|
    |ap_ext_blocking_cur_n      |       and|   0|  0|    2|           1|           1|
    |ap_ext_blocking_n          |       and|   0|  0|    2|           1|           2|
    |ap_int_blocking_n          |       and|   0|  0|    2|           2|           2|
    |ap_str_blocking_n          |       and|   0|  0|    2|           2|           2|
    |icmp_ln16_fu_202_p2        |      icmp|   0|  0|   11|           8|           6|
    |r_V_fu_401_p2              |      lshr|   0|  0|  460|         137|         137|
    |ap_block_pp0_stage0_11001  |        or|   0|  0|    2|           1|           1|
    |ap_block_pp0_stage1_11001  |        or|   0|  0|    2|           1|           1|
    |ap_block_pp0_stage2_11001  |        or|   0|  0|    2|           1|           1|
    |query_scores_d0            |    select|   0|  0|   32|           1|          32|
    |ush_fu_385_p3              |    select|   0|  0|   12|           1|          12|
    |val_fu_435_p3              |    select|   0|  0|   32|           1|          32|
    |r_V_1_fu_407_p2            |       shl|   0|  0|  460|         137|         137|
    |ap_enable_pp0              |       xor|   0|  0|    2|           1|           2|
    +---------------------------+----------+----+---+-----+------------+------------+
    |Total                      |          |   0|  0| 1329|         519|         511|
    +---------------------------+----------+----+---+-----+------------+------------+

    * Multiplexer: 
    +-----------------------------------+----+-----------+-----+-----------+
    |                Name               | LUT| Input Size| Bits| Total Bits|
    +-----------------------------------+----+-----------+-----+-----------+
    |ap_NS_fsm                          |  20|          4|    1|          4|
    |ap_done_int                        |   9|          2|    1|          2|
    |ap_enable_reg_pp0_iter0            |   9|          2|    1|          2|
    |ap_enable_reg_pp0_iter1            |   9|          2|    1|          2|
    |ap_enable_reg_pp0_iter35           |   9|          2|    1|          2|
    |ap_loop_exit_ready_pp0_iter10_reg  |   9|          2|    1|          2|
    |ap_loop_exit_ready_pp0_iter11_reg  |   9|          2|    1|          2|
    |ap_loop_exit_ready_pp0_iter12_reg  |   9|          2|    1|          2|
    |ap_loop_exit_ready_pp0_iter13_reg  |   9|          2|    1|          2|
    |ap_loop_exit_ready_pp0_iter14_reg  |   9|          2|    1|          2|
    |ap_loop_exit_ready_pp0_iter15_reg  |   9|          2|    1|          2|
    |ap_loop_exit_ready_pp0_iter16_reg  |   9|          2|    1|          2|
    |ap_loop_exit_ready_pp0_iter17_reg  |   9|          2|    1|          2|
    |ap_loop_exit_ready_pp0_iter18_reg  |   9|          2|    1|          2|
    |ap_loop_exit_ready_pp0_iter19_reg  |   9|          2|    1|          2|
    |ap_loop_exit_ready_pp0_iter1_reg   |   9|          2|    1|          2|
    |ap_loop_exit_ready_pp0_iter20_reg  |   9|          2|    1|          2|
    |ap_loop_exit_ready_pp0_iter21_reg  |   9|          2|    1|          2|
    |ap_loop_exit_ready_pp0_iter22_reg  |   9|          2|    1|          2|
    |ap_loop_exit_ready_pp0_iter23_reg  |   9|          2|    1|          2|
    |ap_loop_exit_ready_pp0_iter24_reg  |   9|          2|    1|          2|
    |ap_loop_exit_ready_pp0_iter25_reg  |   9|          2|    1|          2|
    |ap_loop_exit_ready_pp0_iter26_reg  |   9|          2|    1|          2|
    |ap_loop_exit_ready_pp0_iter27_reg  |   9|          2|    1|          2|
    |ap_loop_exit_ready_pp0_iter28_reg  |   9|          2|    1|          2|
    |ap_loop_exit_ready_pp0_iter29_reg  |   9|          2|    1|          2|
    |ap_loop_exit_ready_pp0_iter2_reg   |   9|          2|    1|          2|
    |ap_loop_exit_ready_pp0_iter30_reg  |   9|          2|    1|          2|
    |ap_loop_exit_ready_pp0_iter31_reg  |   9|          2|    1|          2|
    |ap_loop_exit_ready_pp0_iter32_reg  |   9|          2|    1|          2|
    |ap_loop_exit_ready_pp0_iter33_reg  |   9|          2|    1|          2|
    |ap_loop_exit_ready_pp0_iter34_reg  |   9|          2|    1|          2|
    |ap_loop_exit_ready_pp0_iter3_reg   |   9|          2|    1|          2|
    |ap_loop_exit_ready_pp0_iter4_reg   |   9|          2|    1|          2|
    |ap_loop_exit_ready_pp0_iter5_reg   |   9|          2|    1|          2|
    |ap_loop_exit_ready_pp0_iter6_reg   |   9|          2|    1|          2|
    |ap_loop_exit_ready_pp0_iter7_reg   |   9|          2|    1|          2|
    |ap_loop_exit_ready_pp0_iter8_reg   |   9|          2|    1|          2|
    |ap_loop_exit_ready_pp0_iter9_reg   |   9|          2|    1|          2|
    |ap_sig_allocacmp_i_1               |   9|          2|    8|         16|
    |gmem_blk_n_AR                      |   9|          2|    1|          2|
    |gmem_blk_n_R                       |   9|          2|    1|          2|
    |grp_fu_185_p0                      |  20|          4|   64|        256|
    |grp_fu_185_p1                      |  20|          4|   64|        256|
    |grp_fu_190_p0                      |  20|          4|   64|        256|
    |grp_fu_190_p1                      |  20|          4|   64|        256|
    |i_fu_108                           |   9|          2|    8|         16|
    |m_axi_gmem_ARADDR                  |  20|          4|   64|        256|
    +-----------------------------------+----+-----------+-----+-----------+
    |Total                              | 498|        108|  377|       1396|
    +-----------------------------------+----+-----------+-----+-----------+

    * Register: 
    +-----------------------------------+----+----+-----+-----------+
    |                Name               | FF | LUT| Bits| Const Bits|
    +-----------------------------------+----+----+-----+-----------+
    |add_ln19_reg_491                   |  64|   0|   64|          0|
    |ap_CS_fsm                          |   3|   0|    3|          0|
    |ap_done_reg                        |   1|   0|    1|          0|
    |ap_enable_reg_pp0_iter0_reg        |   1|   0|    1|          0|
    |ap_enable_reg_pp0_iter1            |   1|   0|    1|          0|
    |ap_enable_reg_pp0_iter10           |   1|   0|    1|          0|
    |ap_enable_reg_pp0_iter11           |   1|   0|    1|          0|
    |ap_enable_reg_pp0_iter12           |   1|   0|    1|          0|
    |ap_enable_reg_pp0_iter13           |   1|   0|    1|          0|
    |ap_enable_reg_pp0_iter14           |   1|   0|    1|          0|
    |ap_enable_reg_pp0_iter15           |   1|   0|    1|          0|
    |ap_enable_reg_pp0_iter16           |   1|   0|    1|          0|
    |ap_enable_reg_pp0_iter17           |   1|   0|    1|          0|
    |ap_enable_reg_pp0_iter18           |   1|   0|    1|          0|
    |ap_enable_reg_pp0_iter19           |   1|   0|    1|          0|
    |ap_enable_reg_pp0_iter2            |   1|   0|    1|          0|
    |ap_enable_reg_pp0_iter20           |   1|   0|    1|          0|
    |ap_enable_reg_pp0_iter21           |   1|   0|    1|          0|
    |ap_enable_reg_pp0_iter22           |   1|   0|    1|          0|
    |ap_enable_reg_pp0_iter23           |   1|   0|    1|          0|
    |ap_enable_reg_pp0_iter24           |   1|   0|    1|          0|
    |ap_enable_reg_pp0_iter25           |   1|   0|    1|          0|
    |ap_enable_reg_pp0_iter26           |   1|   0|    1|          0|
    |ap_enable_reg_pp0_iter27           |   1|   0|    1|          0|
    |ap_enable_reg_pp0_iter28           |   1|   0|    1|          0|
    |ap_enable_reg_pp0_iter29           |   1|   0|    1|          0|
    |ap_enable_reg_pp0_iter3            |   1|   0|    1|          0|
    |ap_enable_reg_pp0_iter30           |   1|   0|    1|          0|
    |ap_enable_reg_pp0_iter31           |   1|   0|    1|          0|
    |ap_enable_reg_pp0_iter32           |   1|   0|    1|          0|
    |ap_enable_reg_pp0_iter33           |   1|   0|    1|          0|
    |ap_enable_reg_pp0_iter34           |   1|   0|    1|          0|
    |ap_enable_reg_pp0_iter35           |   1|   0|    1|          0|
    |ap_enable_reg_pp0_iter4            |   1|   0|    1|          0|
    |ap_enable_reg_pp0_iter5            |   1|   0|    1|          0|
    |ap_enable_reg_pp0_iter6            |   1|   0|    1|          0|
    |ap_enable_reg_pp0_iter7            |   1|   0|    1|          0|
    |ap_enable_reg_pp0_iter8            |   1|   0|    1|          0|
    |ap_enable_reg_pp0_iter9            |   1|   0|    1|          0|
    |ap_loop_exit_ready_pp0_iter10_reg  |   1|   0|    1|          0|
    |ap_loop_exit_ready_pp0_iter11_reg  |   1|   0|    1|          0|
    |ap_loop_exit_ready_pp0_iter12_reg  |   1|   0|    1|          0|
    |ap_loop_exit_ready_pp0_iter13_reg  |   1|   0|    1|          0|
    |ap_loop_exit_ready_pp0_iter14_reg  |   1|   0|    1|          0|
    |ap_loop_exit_ready_pp0_iter15_reg  |   1|   0|    1|          0|
    |ap_loop_exit_ready_pp0_iter16_reg  |   1|   0|    1|          0|
    |ap_loop_exit_ready_pp0_iter17_reg  |   1|   0|    1|          0|
    |ap_loop_exit_ready_pp0_iter18_reg  |   1|   0|    1|          0|
    |ap_loop_exit_ready_pp0_iter19_reg  |   1|   0|    1|          0|
    |ap_loop_exit_ready_pp0_iter1_reg   |   1|   0|    1|          0|
    |ap_loop_exit_ready_pp0_iter20_reg  |   1|   0|    1|          0|
    |ap_loop_exit_ready_pp0_iter21_reg  |   1|   0|    1|          0|
    |ap_loop_exit_ready_pp0_iter22_reg  |   1|   0|    1|          0|
    |ap_loop_exit_ready_pp0_iter23_reg  |   1|   0|    1|          0|
    |ap_loop_exit_ready_pp0_iter24_reg  |   1|   0|    1|          0|
    |ap_loop_exit_ready_pp0_iter25_reg  |   1|   0|    1|          0|
    |ap_loop_exit_ready_pp0_iter26_reg  |   1|   0|    1|          0|
    |ap_loop_exit_ready_pp0_iter27_reg  |   1|   0|    1|          0|
    |ap_loop_exit_ready_pp0_iter28_reg  |   1|   0|    1|          0|
    |ap_loop_exit_ready_pp0_iter29_reg  |   1|   0|    1|          0|
    |ap_loop_exit_ready_pp0_iter2_reg   |   1|   0|    1|          0|
    |ap_loop_exit_ready_pp0_iter30_reg  |   1|   0|    1|          0|
    |ap_loop_exit_ready_pp0_iter31_reg  |   1|   0|    1|          0|
    |ap_loop_exit_ready_pp0_iter32_reg  |   1|   0|    1|          0|
    |ap_loop_exit_ready_pp0_iter33_reg  |   1|   0|    1|          0|
    |ap_loop_exit_ready_pp0_iter34_reg  |   1|   0|    1|          0|
    |ap_loop_exit_ready_pp0_iter3_reg   |   1|   0|    1|          0|
    |ap_loop_exit_ready_pp0_iter4_reg   |   1|   0|    1|          0|
    |ap_loop_exit_ready_pp0_iter5_reg   |   1|   0|    1|          0|
    |ap_loop_exit_ready_pp0_iter6_reg   |   1|   0|    1|          0|
    |ap_loop_exit_ready_pp0_iter7_reg   |   1|   0|    1|          0|
    |ap_loop_exit_ready_pp0_iter8_reg   |   1|   0|    1|          0|
    |ap_loop_exit_ready_pp0_iter9_reg   |   1|   0|    1|          0|
    |gmem_addr_1_read_reg_540           |  64|   0|   64|          0|
    |gmem_addr_2_read_reg_550           |  64|   0|   64|          0|
    |gmem_addr_read_reg_530             |  64|   0|   64|          0|
    |i_1_reg_481                        |   8|   0|    8|          0|
    |i_fu_108                           |   8|   0|    8|          0|
    |icmp_ln16_reg_487                  |   1|   0|    1|          0|
    |mul_1_reg_565                      |  64|   0|   64|          0|
    |mul_2_reg_570                      |  64|   0|   64|          0|
    |mul_reg_560                        |  64|   0|   64|          0|
    |p_Result_s_reg_590                 |   1|   0|    1|          0|
    |product_1_1_reg_580                |  64|   0|   64|          0|
    |product_1_2_reg_585                |  64|   0|   64|          0|
    |product_1_reg_575                  |  64|   0|   64|          0|
    |trunc_ln19_3_reg_497               |  61|   0|   61|          0|
    |trunc_ln19_6_reg_508               |  61|   0|   61|          0|
    |trunc_ln19_9_reg_513               |  61|   0|   61|          0|
    |val_reg_595                        |  32|   0|   32|          0|
    |i_1_reg_481                        |  64|  32|    8|          0|
    |icmp_ln16_reg_487                  |  64|  32|    1|          0|
    |mul_1_reg_565                      |  64|  32|   64|          0|
    |mul_2_reg_570                      |  64|  32|   64|          0|
    +-----------------------------------+----+----+-----+-----------+
    |Total                              |1203| 128| 1084|          0|
    +-----------------------------------+----+----+-----+-----------+



================================================================
== Interface
================================================================
* Summary: 
+-----------------------+-----+-----+------------+------------------------------------------+--------------+
|       RTL Ports       | Dir | Bits|  Protocol  |               Source Object              |    C Type    |
+-----------------------+-----+-----+------------+------------------------------------------+--------------+
|ap_clk                 |   in|    1|  ap_ctrl_hs|  topKQueryScores_Pipeline_VITIS_LOOP_16_1|  return value|
|ap_rst                 |   in|    1|  ap_ctrl_hs|  topKQueryScores_Pipeline_VITIS_LOOP_16_1|  return value|
|ap_start               |   in|    1|  ap_ctrl_hs|  topKQueryScores_Pipeline_VITIS_LOOP_16_1|  return value|
|ap_done                |  out|    1|  ap_ctrl_hs|  topKQueryScores_Pipeline_VITIS_LOOP_16_1|  return value|
|ap_idle                |  out|    1|  ap_ctrl_hs|  topKQueryScores_Pipeline_VITIS_LOOP_16_1|  return value|
|ap_ready               |  out|    1|  ap_ctrl_hs|  topKQueryScores_Pipeline_VITIS_LOOP_16_1|  return value|
|ap_ext_blocking_n      |  out|    1|  ap_ctrl_hs|  topKQueryScores_Pipeline_VITIS_LOOP_16_1|  return value|
|ap_str_blocking_n      |  out|    1|  ap_ctrl_hs|  topKQueryScores_Pipeline_VITIS_LOOP_16_1|  return value|
|ap_int_blocking_n      |  out|    1|  ap_ctrl_hs|  topKQueryScores_Pipeline_VITIS_LOOP_16_1|  return value|
|m_axi_gmem_AWVALID     |  out|    1|       m_axi|                                      gmem|       pointer|
|m_axi_gmem_AWREADY     |   in|    1|       m_axi|                                      gmem|       pointer|
|m_axi_gmem_AWADDR      |  out|   64|       m_axi|                                      gmem|       pointer|
|m_axi_gmem_AWID        |  out|    1|       m_axi|                                      gmem|       pointer|
|m_axi_gmem_AWLEN       |  out|   32|       m_axi|                                      gmem|       pointer|
|m_axi_gmem_AWSIZE      |  out|    3|       m_axi|                                      gmem|       pointer|
|m_axi_gmem_AWBURST     |  out|    2|       m_axi|                                      gmem|       pointer|
|m_axi_gmem_AWLOCK      |  out|    2|       m_axi|                                      gmem|       pointer|
|m_axi_gmem_AWCACHE     |  out|    4|       m_axi|                                      gmem|       pointer|
|m_axi_gmem_AWPROT      |  out|    3|       m_axi|                                      gmem|       pointer|
|m_axi_gmem_AWQOS       |  out|    4|       m_axi|                                      gmem|       pointer|
|m_axi_gmem_AWREGION    |  out|    4|       m_axi|                                      gmem|       pointer|
|m_axi_gmem_AWUSER      |  out|    1|       m_axi|                                      gmem|       pointer|
|m_axi_gmem_WVALID      |  out|    1|       m_axi|                                      gmem|       pointer|
|m_axi_gmem_WREADY      |   in|    1|       m_axi|                                      gmem|       pointer|
|m_axi_gmem_WDATA       |  out|   64|       m_axi|                                      gmem|       pointer|
|m_axi_gmem_WSTRB       |  out|    8|       m_axi|                                      gmem|       pointer|
|m_axi_gmem_WLAST       |  out|    1|       m_axi|                                      gmem|       pointer|
|m_axi_gmem_WID         |  out|    1|       m_axi|                                      gmem|       pointer|
|m_axi_gmem_WUSER       |  out|    1|       m_axi|                                      gmem|       pointer|
|m_axi_gmem_ARVALID     |  out|    1|       m_axi|                                      gmem|       pointer|
|m_axi_gmem_ARREADY     |   in|    1|       m_axi|                                      gmem|       pointer|
|m_axi_gmem_ARADDR      |  out|   64|       m_axi|                                      gmem|       pointer|
|m_axi_gmem_ARID        |  out|    1|       m_axi|                                      gmem|       pointer|
|m_axi_gmem_ARLEN       |  out|   32|       m_axi|                                      gmem|       pointer|
|m_axi_gmem_ARSIZE      |  out|    3|       m_axi|                                      gmem|       pointer|
|m_axi_gmem_ARBURST     |  out|    2|       m_axi|                                      gmem|       pointer|
|m_axi_gmem_ARLOCK      |  out|    2|       m_axi|                                      gmem|       pointer|
|m_axi_gmem_ARCACHE     |  out|    4|       m_axi|                                      gmem|       pointer|
|m_axi_gmem_ARPROT      |  out|    3|       m_axi|                                      gmem|       pointer|
|m_axi_gmem_ARQOS       |  out|    4|       m_axi|                                      gmem|       pointer|
|m_axi_gmem_ARREGION    |  out|    4|       m_axi|                                      gmem|       pointer|
|m_axi_gmem_ARUSER      |  out|    1|       m_axi|                                      gmem|       pointer|
|m_axi_gmem_RVALID      |   in|    1|       m_axi|                                      gmem|       pointer|
|m_axi_gmem_RREADY      |  out|    1|       m_axi|                                      gmem|       pointer|
|m_axi_gmem_RDATA       |   in|   64|       m_axi|                                      gmem|       pointer|
|m_axi_gmem_RLAST       |   in|    1|       m_axi|                                      gmem|       pointer|
|m_axi_gmem_RID         |   in|    1|       m_axi|                                      gmem|       pointer|
|m_axi_gmem_RFIFONUM    |   in|    9|       m_axi|                                      gmem|       pointer|
|m_axi_gmem_RUSER       |   in|    1|       m_axi|                                      gmem|       pointer|
|m_axi_gmem_RRESP       |   in|    2|       m_axi|                                      gmem|       pointer|
|m_axi_gmem_BVALID      |   in|    1|       m_axi|                                      gmem|       pointer|
|m_axi_gmem_BREADY      |  out|    1|       m_axi|                                      gmem|       pointer|
|m_axi_gmem_BRESP       |   in|    2|       m_axi|                                      gmem|       pointer|
|m_axi_gmem_BID         |   in|    1|       m_axi|                                      gmem|       pointer|
|m_axi_gmem_BUSER       |   in|    1|       m_axi|                                      gmem|       pointer|
|fs_matrix              |   in|   64|     ap_none|                                 fs_matrix|        scalar|
|conv                   |   in|   64|     ap_none|                                      conv|        scalar|
|conv_1                 |   in|   64|     ap_none|                                    conv_1|        scalar|
|conv_2                 |   in|   64|     ap_none|                                    conv_2|        scalar|
|query_scores_address0  |  out|    8|   ap_memory|                              query_scores|         array|
|query_scores_ce0       |  out|    1|   ap_memory|                              query_scores|         array|
|query_scores_we0       |  out|    1|   ap_memory|                              query_scores|         array|
|query_scores_d0        |  out|   32|   ap_memory|                              query_scores|         array|
+-----------------------+-----+-----+------------+------------------------------------------+--------------+

